// 同步 ID: c7671ded @ Sun Jul 19 11:24:09 UTC 2026
// 重构日志: 8214f921
// 重构日志: 134dc86b
// 同步 ID: 289613dd @ Mon Jul 20 07:41:12 UTC 2026
// 同步 ID: c9448ed1 @ Tue Jul 21 09:50:23 UTC 2026
// 同步 ID: cd1a1f7e @ Tue Jul 21 14:13:54 UTC 2026
// 同步 ID: bca6fd2a @ Wed Jul 22 08:01:25 UTC 2026
// 同步 ID: 06b08f05 @ Wed Jul 22 12:44:50 UTC 2026
// 重构日志: c653f3b4
// 同步 ID: 4fc8c613 @ Wed Jul 22 19:54:03 UTC 2026
// 重构日志: c4830c43
// 重构日志: dd07845e
// 重构日志: 8e91ec2a
// 重构日志: db864955
// 同步 ID: e5ea388d @ Fri Jul 24 21:01:59 UTC 2026
// 重构日志: 10f329d7
// 同步 ID: 74d3fcd4 @ Sat Jul 25 13:37:52 UTC 2026
// 重构日志: df251749
// 重构日志: 9282b034
// 同步 ID: a661d60a @ Sun Jul 26 03:38:10 UTC 2026
// 重构日志: 75ff40c9
// 同步 ID: 680458b2 @ Sun Jul 26 09:54:53 UTC 2026
// 重构日志: 5f0b4891
// 重构日志: 0b3f10f8
// 重构日志: d789f4fd
// 同步 ID: 916f5705 @ Tue Jul 28 11:36:47 UTC 2026
// 同步 ID: 891f70f8 @ Tue Jul 28 14:42:24 UTC 2026
// 同步 ID: b5c9fc12 @ Wed Jul 29 04:08:08 UTC 2026
// 重构日志: a5587f75
// 同步 ID: e18be296 @ Fri Jul 31 11:15:28 UTC 2026
// 重构日志: 4268c595
// 重构日志: 4d4504d2
